// Jest Snapshot v1, https://goo.gl/fbAQLP

exports[`buildLabsImport on the real Marouine payload keeps the structured card data 1`] = `
[
  {
    "afterText": "Gain 1 action.",
    "basicText": "",
    "boost": 2,
    "characterName": "Marouine",
    "duringText": "",
    "imageUrl": "https://kyqcvbnxfmpnbwtikzxp.supabase.co/storage/v1/object/public/set-assets/d4d87083-316d-497b-b77d-2f9dbbc713b1/set_be35182e-d01e-4bbf-81dc-922d94e112d0/05e70a60cc9a0b136dd4606370ff76858dfe2057fd4afea6d54a8571ce767559.webp",
    "immediateText": "Cancel all effects on your opponents card.",
    "quantity": 2,
    "title": "Flinch",
    "type": "attack",
    "value": 0,
  },
  {
    "afterText": "",
    "basicText": "",
    "boost": 3,
    "characterName": "Marouine",
    "duringText": "You may BOOST this attack.",
    "imageUrl": "https://kyqcvbnxfmpnbwtikzxp.supabase.co/storage/v1/object/public/set-assets/d4d87083-316d-497b-b77d-2f9dbbc713b1/set_be35182e-d01e-4bbf-81dc-922d94e112d0/6bbe69ddeafa6e4a7036ab74a78edc56251615fa5db9014d1a350fff999e9778.webp",
    "immediateText": "",
    "quantity": 2,
    "title": "Second Shot",
    "type": "attack",
    "value": 3,
  },
  {
    "afterText": "If you won the combat, gain 1 action and regain a reflex token.",
    "basicText": "",
    "boost": 3,
    "characterName": "Marouine",
    "duringText": "",
    "imageUrl": "https://kyqcvbnxfmpnbwtikzxp.supabase.co/storage/v1/object/public/set-assets/d4d87083-316d-497b-b77d-2f9dbbc713b1/set_be35182e-d01e-4bbf-81dc-922d94e112d0/ca22fd41fe630d0a907d906d0a8301f97900e116019334c8114b43cae8359e86.webp",
    "immediateText": "",
    "quantity": 2,
    "title": "Finish the Job",
    "type": "attack",
    "value": 2,
  },
  {
    "afterText": "Draw a card. If you won the combat, draw 2 instead.",
    "basicText": "",
    "boost": 2,
    "characterName": "Marouine",
    "duringText": "",
    "imageUrl": "https://kyqcvbnxfmpnbwtikzxp.supabase.co/storage/v1/object/public/set-assets/d4d87083-316d-497b-b77d-2f9dbbc713b1/set_be35182e-d01e-4bbf-81dc-922d94e112d0/8d16eafa92f3c8bb23311b5f3ac6694f241824726a7b02345b628dbad0ad8d54.webp",
    "immediateText": "",
    "quantity": 2,
    "title": "Regroup",
    "type": "versatile",
    "value": 1,
  },
  {
    "afterText": "",
    "basicText": "",
    "boost": 2,
    "characterName": "Marouine",
    "duringText": "",
    "imageUrl": "https://kyqcvbnxfmpnbwtikzxp.supabase.co/storage/v1/object/public/set-assets/d4d87083-316d-497b-b77d-2f9dbbc713b1/set_be35182e-d01e-4bbf-81dc-922d94e112d0/ba6a65458275f329ca0d693c88601564a2282933a17349fe936285875e3ee913.webp",
    "immediateText": "Ignore the value of your opponent's card.",
    "quantity": 2,
    "title": "From the Shadows",
    "type": "versatile",
    "value": 3,
  },
  {
    "afterText": "If you lost the combat, regain a reflex token.",
    "basicText": "",
    "boost": 3,
    "characterName": "Marouine",
    "duringText": "",
    "imageUrl": "https://kyqcvbnxfmpnbwtikzxp.supabase.co/storage/v1/object/public/set-assets/d4d87083-316d-497b-b77d-2f9dbbc713b1/set_be35182e-d01e-4bbf-81dc-922d94e112d0/47169651776d4c5e84ac7180a6480cda934ebdca9da1d9237d4add1b5c7c1373.webp",
    "immediateText": "",
    "quantity": 2,
    "title": "Hired Gun",
    "type": "versatile",
    "value": 5,
  },
  {
    "afterText": "If the opposing fighter is adjacent to Marouine, deal 2 damage to that fighter.",
    "basicText": "",
    "boost": 2,
    "characterName": "Marouine",
    "duringText": "",
    "imageUrl": "https://kyqcvbnxfmpnbwtikzxp.supabase.co/storage/v1/object/public/set-assets/d4d87083-316d-497b-b77d-2f9dbbc713b1/set_be35182e-d01e-4bbf-81dc-922d94e112d0/6228f5d8e61485fd753f08cc8b82c271112f92a27a9da3d706a25d5b25516dee.webp",
    "immediateText": "",
    "quantity": 3,
    "title": "Point Blank",
    "type": "versatile",
    "value": 2,
  },
  {
    "afterText": "If you won the combat, choose one of the fighters in the combat and move them up to 2 spaces.",
    "basicText": "",
    "boost": 1,
    "characterName": "Marouine",
    "duringText": "",
    "imageUrl": "https://kyqcvbnxfmpnbwtikzxp.supabase.co/storage/v1/object/public/set-assets/d4d87083-316d-497b-b77d-2f9dbbc713b1/set_be35182e-d01e-4bbf-81dc-922d94e112d0/f306265225aeb17185a06aaf1d35bfe576f8f8e2bcf1167f9f41d5492104b315.webp",
    "immediateText": "",
    "quantity": 3,
    "title": "Skirmish",
    "type": "versatile",
    "value": 4,
  },
  {
    "afterText": "If you spent a reflex token this combat, return the discarded card back to your hand.",
    "basicText": "",
    "boost": 2,
    "characterName": "Marouine",
    "duringText": "",
    "imageUrl": "https://kyqcvbnxfmpnbwtikzxp.supabase.co/storage/v1/object/public/set-assets/d4d87083-316d-497b-b77d-2f9dbbc713b1/set_be35182e-d01e-4bbf-81dc-922d94e112d0/6bc4312bbfe96fa23d13030688e88d11dc6add1ac1afee1edd565cd813406292.webp",
    "immediateText": "",
    "quantity": 2,
    "title": "Dearest Europa",
    "type": "versatile",
    "value": 3,
  },
  {
    "afterText": "",
    "basicText": "",
    "boost": 2,
    "characterName": "Marouine",
    "duringText": "If you spent a reflex token this combat, this card's value is 5 instead.",
    "imageUrl": "https://kyqcvbnxfmpnbwtikzxp.supabase.co/storage/v1/object/public/set-assets/d4d87083-316d-497b-b77d-2f9dbbc713b1/set_be35182e-d01e-4bbf-81dc-922d94e112d0/509724f1331d805596efbd1c91cfcbc41628866ec846c25e67c96d54d949de2e.webp",
    "immediateText": "",
    "quantity": 2,
    "title": "Beloved Mercury",
    "type": "versatile",
    "value": 1,
  },
  {
    "afterText": "Regain a reflex token.",
    "basicText": "",
    "boost": 1,
    "characterName": "Marouine",
    "duringText": "",
    "imageUrl": "https://kyqcvbnxfmpnbwtikzxp.supabase.co/storage/v1/object/public/set-assets/d4d87083-316d-497b-b77d-2f9dbbc713b1/set_be35182e-d01e-4bbf-81dc-922d94e112d0/2d88aeb72ebc506e06973fb1c3dbf7cbc35f1f6df2714119e21013b8e1e833c2.webp",
    "immediateText": "",
    "quantity": 2,
    "title": "High Alert",
    "type": "defence",
    "value": 3,
  },
  {
    "afterText": "Draw 2 cards.",
    "basicText": "",
    "boost": 1,
    "characterName": "Marouine",
    "duringText": "",
    "imageUrl": "https://kyqcvbnxfmpnbwtikzxp.supabase.co/storage/v1/object/public/set-assets/d4d87083-316d-497b-b77d-2f9dbbc713b1/set_be35182e-d01e-4bbf-81dc-922d94e112d0/82331cd1d1657757caeb568706c6d7022d207cd76222b85fe18385f6a34be8a3.webp",
    "immediateText": "",
    "quantity": 2,
    "title": "Shadow Cloak",
    "type": "defence",
    "value": 2,
  },
  {
    "afterText": "",
    "basicText": "Search your deck for a card and put it in your hand, then shuffle your deck. Gain 1 action.",
    "boost": 1,
    "characterName": "Marouine",
    "duringText": "",
    "imageUrl": "https://kyqcvbnxfmpnbwtikzxp.supabase.co/storage/v1/object/public/set-assets/d4d87083-316d-497b-b77d-2f9dbbc713b1/set_be35182e-d01e-4bbf-81dc-922d94e112d0/20904d3ddbabd1d3ed310419d7a44ea747a43f0489641bff7f5c098f8980df9e.png",
    "immediateText": "",
    "quantity": 2,
    "title": "My Birthright",
    "type": "scheme",
    "value": null,
  },
  {
    "afterText": "",
    "basicText": "Regain all your reflex tokens.
Draw a card.",
    "boost": 2,
    "characterName": "Marouine",
    "duringText": "",
    "imageUrl": "https://kyqcvbnxfmpnbwtikzxp.supabase.co/storage/v1/object/public/set-assets/d4d87083-316d-497b-b77d-2f9dbbc713b1/set_be35182e-d01e-4bbf-81dc-922d94e112d0/f8696581fb3908cd8bf2c97a9488f641607bf0df974a16220e8c3dc136b6c6aa.webp",
    "immediateText": "",
    "quantity": 2,
    "title": "Darkvision",
    "type": "scheme",
    "value": null,
  },
]
`;
